invalid-syntax: Unexpected indentation
 --> core\agent_extensions.py:2:1
  |
2 |     def _execute_metasploit(self, args: Dict) -> Dict:
  | ^^^^
3 |         """Execute Metasploit module via wrapper"""
4 |         try:
  |

invalid-syntax: Expected a statement
  --> core\agent_extensions.py:74:1
   |
72 |             logger.exception("AD Attack error")
73 |             return {"success": False, "error": f"AD Attack failed: {e}"}
   |                                                                         ^
   |

F821 Undefined name `evolution_memory`
   --> core\tool_selector.py:182:66
    |
181 |         for tool_name in self.tools:
182 |             if self._update_tool_priority_from_memory(tool_name, evolution_memory):
    |                                                                  ^^^^^^^^^^^^^^^^
183 |                 evolved_count += 1
    |

Found 3 errors.
